// Jest Snapshot v1, https://goo.gl/fbAQLP

exports[`BonusList If error 1`] = `
<div
  class="sc-hMqMXs eSafSX"
  data-testid="test-error"
>
  Something went wrong
</div>
`;

exports[`BonusList If loading 1`] = `
<div
  class="sc-eNQAEJ bEJVBI"
  data-testid="test-loader"
>
  Content is loading
</div>
`;

exports[`BonusList Should show bonus list 1`] = `
<div
  class="sc-jKJlTe loXQau"
  data-testid="test-bonus-list"
>
  <div
    class="sc-gqjmRU eEpkQf"
    data-testid="test-bonus"
  >
    <div
      class="sc-VigVT iJovGt"
    >
      <div
        class="sc-jTzLTM etcJqc"
      >
        1
      </div>
      <div
        class="sc-fjdhpX bFKZVQ"
      >
        <div
          class="sc-jzJRlG iuBUMe"
        >
          <img
            alt="Albert Fazullin"
            src="http://doypx5fd26upp.cloudfront.net/assets/default-user-profile_image-b50dbea6a3e28a1ae62538d4b0115b18558fac3ff7dbbee7da800b5216f97070.png"
          />
        </div>
      </div>
      <div
        class="sc-cSHVUG gIXSSp"
      />
    </div>
    <div
      class="sc-kAzzGY kDOYTW"
    >
      <div
        class="sc-chPdSV dQajgp"
      >
        <span
          class="sc-kgoBCf hocDLT"
        >
          Nadezhda Kharchuk
          : 
        </span>
        <span>
          <span
            class="sc-kGXeez ecDZfZ"
          >
            +1
             
          </span>
          <span
            class="sc-kpOJdX iEEifL"
          >
            @albert.fazullin
             
          </span>
          <span
            class="sc-dxgOiQ drWUmt"
          >
            #be-curious-never-stop-learning
             
          </span>
        </span>
      </div>
    </div>
    <div
      class="sc-ckVGcZ foYhJp"
      data-testid="test-comment-list"
    />
    <form
      class="sc-htoDjs eNmKLv"
      data-testid="test-comment-form"
      tabindex="0"
    >
      <div
        data-testid="test-textarea-wrapper"
      >
        <div
          class="rta  "
        >
          <textarea
            class="rta__textarea autocomplete-textarea autocomplete-textarea--comment"
            data-testid="test-textarea"
            name="bonus-text"
            placeholder="Add a comment"
          />
        </div>
      </div>
      <div
        data-testid="test-error-container"
      />
      <div
        class="sc-gZMcBi fxMDLl"
      >
        <button
          class="sc-gzVnrw yxkmh"
          data-testid="test-button"
        >
          Add
        </button>
        <div
          class="sc-iwsKbI cslhIm"
        >
          <button
            class="sc-EHOje fjXIZF"
            type="button"
          >
            <img
              alt="Points"
              src="[object Object]"
            />
          </button>
          <button
            class="sc-EHOje fjXIZF"
            type="button"
          >
            <img
              alt="Hashtag"
              src="[object Object]"
            />
          </button>
        </div>
      </div>
    </form>
  </div>
  <div
    class="sc-gqjmRU eEpkQf"
    data-testid="test-bonus"
  >
    <div
      class="sc-VigVT iJovGt"
    >
      <div
        class="sc-jTzLTM etcJqc"
      >
        1
      </div>
      <div
        class="sc-fjdhpX bFKZVQ"
      >
        <div
          class="sc-jzJRlG iuBUMe"
        >
          <img
            alt="Albert Fazullin"
            src="http://doypx5fd26upp.cloudfront.net/assets/default-user-profile_image-b50dbea6a3e28a1ae62538d4b0115b18558fac3ff7dbbee7da800b5216f97070.png"
          />
        </div>
      </div>
      <div
        class="sc-cSHVUG gIXSSp"
      />
    </div>
    <div
      class="sc-kAzzGY kDOYTW"
    >
      <div
        class="sc-chPdSV dQajgp"
      >
        <span
          class="sc-kgoBCf hocDLT"
        >
          Nadezhda Kharchuk
          : 
        </span>
        <span>
          <span
            class="sc-kGXeez ecDZfZ"
          >
            +1
             
          </span>
          <span
            class="sc-kpOJdX iEEifL"
          >
            @albert.fazullin
             
          </span>
          <span
            class="sc-dxgOiQ drWUmt"
          >
            #be-curious-never-stop-learning
             
          </span>
        </span>
      </div>
    </div>
    <div
      class="sc-ckVGcZ foYhJp"
      data-testid="test-comment-list"
    >
      <div
        class="sc-bdVaJa hehWfG"
      >
        <div
          class="sc-bwzfXH kyGrum"
        >
          <span
            class="sc-htpNat KtFsv"
          >
            Nadezhda Kharchuk
            : 
          </span>
          <span>
            <span>
              1
               
            </span>
          </span>
        </div>
      </div>
      <div
        class="sc-bdVaJa hehWfG"
      >
        <div
          class="sc-bwzfXH kyGrum"
        >
          <span
            class="sc-htpNat KtFsv"
          >
            Nadezhda Kharchuk
            : 
          </span>
          <span>
            <span>
              1
               
            </span>
          </span>
        </div>
      </div>
      <div
        class="sc-bdVaJa hehWfG"
      >
        <div
          class="sc-bwzfXH kyGrum"
        >
          <span
            class="sc-htpNat KtFsv"
          >
            Nadezhda Kharchuk
            : 
          </span>
          <span>
            <span>
              1
               
            </span>
          </span>
        </div>
      </div>
      <div
        class="sc-bdVaJa hehWfG"
      >
        <div
          class="sc-bwzfXH kyGrum"
        >
          <span
            class="sc-htpNat KtFsv"
          >
            Nadezhda Kharchuk
            : 
          </span>
          <span>
            <span>
              2
               
            </span>
          </span>
        </div>
      </div>
      <div
        class="sc-bdVaJa hehWfG"
      >
        <div
          class="sc-bwzfXH kyGrum"
        >
          <span
            class="sc-htpNat KtFsv"
          >
            Nadezhda Kharchuk
            : 
          </span>
          <span>
            <span>
              1
               
            </span>
          </span>
        </div>
      </div>
    </div>
    <form
      class="sc-htoDjs eNmKLv"
      data-testid="test-comment-form"
      tabindex="0"
    >
      <div
        data-testid="test-textarea-wrapper"
      >
        <div
          class="rta  "
        >
          <textarea
            class="rta__textarea autocomplete-textarea autocomplete-textarea--comment"
            data-testid="test-textarea"
            name="bonus-text"
            placeholder="Add a comment"
          />
        </div>
      </div>
      <div
        data-testid="test-error-container"
      />
      <div
        class="sc-gZMcBi fxMDLl"
      >
        <button
          class="sc-gzVnrw yxkmh"
          data-testid="test-button"
        >
          Add
        </button>
        <div
          class="sc-iwsKbI cslhIm"
        >
          <button
            class="sc-EHOje fjXIZF"
            type="button"
          >
            <img
              alt="Points"
              src="[object Object]"
            />
          </button>
          <button
            class="sc-EHOje fjXIZF"
            type="button"
          >
            <img
              alt="Hashtag"
              src="[object Object]"
            />
          </button>
        </div>
      </div>
    </form>
  </div>
  <div
    class="sc-gqjmRU eEpkQf"
    data-testid="test-bonus"
  >
    <div
      class="sc-VigVT iJovGt"
    >
      <div
        class="sc-jTzLTM etcJqc"
      >
        1
      </div>
      <div
        class="sc-fjdhpX bFKZVQ"
      >
        <div
          class="sc-jzJRlG iuBUMe"
        >
          <img
            alt="Albert Fazullin"
            src="http://doypx5fd26upp.cloudfront.net/assets/default-user-profile_image-b50dbea6a3e28a1ae62538d4b0115b18558fac3ff7dbbee7da800b5216f97070.png"
          />
        </div>
      </div>
      <div
        class="sc-cSHVUG gIXSSp"
      />
    </div>
    <div
      class="sc-kAzzGY kDOYTW"
    >
      <div
        class="sc-chPdSV dQajgp"
      >
        <span
          class="sc-kgoBCf hocDLT"
        >
          Nadezhda Kharchuk
          : 
        </span>
        <span>
          <span
            class="sc-kGXeez ecDZfZ"
          >
            +1
             
          </span>
          <span
            class="sc-kpOJdX iEEifL"
          >
            @albert.fazullin
             
          </span>
          <span
            class="sc-dxgOiQ drWUmt"
          >
            #be-curious-never-stop-learning
             
          </span>
          <span>
            
             
          </span>
        </span>
      </div>
    </div>
    <div
      class="sc-ckVGcZ foYhJp"
      data-testid="test-comment-list"
    />
    <form
      class="sc-htoDjs eNmKLv"
      data-testid="test-comment-form"
      tabindex="0"
    >
      <div
        data-testid="test-textarea-wrapper"
      >
        <div
          class="rta  "
        >
          <textarea
            class="rta__textarea autocomplete-textarea autocomplete-textarea--comment"
            data-testid="test-textarea"
            name="bonus-text"
            placeholder="Add a comment"
          />
        </div>
      </div>
      <div
        data-testid="test-error-container"
      />
      <div
        class="sc-gZMcBi fxMDLl"
      >
        <button
          class="sc-gzVnrw yxkmh"
          data-testid="test-button"
        >
          Add
        </button>
        <div
          class="sc-iwsKbI cslhIm"
        >
          <button
            class="sc-EHOje fjXIZF"
            type="button"
          >
            <img
              alt="Points"
              src="[object Object]"
            />
          </button>
          <button
            class="sc-EHOje fjXIZF"
            type="button"
          >
            <img
              alt="Hashtag"
              src="[object Object]"
            />
          </button>
        </div>
      </div>
    </form>
  </div>
  <div
    class="sc-gqjmRU eEpkQf"
    data-testid="test-bonus"
  >
    <div
      class="sc-VigVT iJovGt"
    >
      <div
        class="sc-jTzLTM etcJqc"
      >
        13
      </div>
      <div
        class="sc-fjdhpX bFKZVQ"
      >
        <div
          class="sc-jzJRlG iuBUMe"
        >
          <img
            alt="Anton Chaynikov"
            src="http://doypx5fd26upp.cloudfront.net/assets/default-user-profile_image-b50dbea6a3e28a1ae62538d4b0115b18558fac3ff7dbbee7da800b5216f97070.png"
          />
        </div>
      </div>
      <div
        class="sc-cSHVUG gIXSSp"
      />
    </div>
    <div
      class="sc-kAzzGY kDOYTW"
    >
      <div
        class="sc-chPdSV dQajgp"
      >
        <span
          class="sc-kgoBCf hocDLT"
        >
          bot
          : 
        </span>
        <span>
          <span
            class="sc-kGXeez ecDZfZ"
          >
            +5
             
          </span>
          <span>
            to
             
          </span>
          <span
            class="sc-kpOJdX iEEifL"
          >
            @anton.chaynikov
             
          </span>
          <span>
            For
             
          </span>
          <span>
            showing
             
          </span>
          <span>
            up
             
          </span>
          <span>
            in
             
          </span>
          <span>
            our
             
          </span>
          <span>
            Kazan/Warsaw
             
          </span>
          <span>
            locations
             
          </span>
          <span>
            on
             
          </span>
          <span>
            time
             
          </span>
          <span
            class="sc-dxgOiQ drWUmt"
          >
            #work-hard-play-hard
             
          </span>
        </span>
      </div>
    </div>
    <div
      class="sc-ckVGcZ foYhJp"
      data-testid="test-comment-list"
    >
      <div
        class="sc-bdVaJa hehWfG"
      >
        <div
          class="sc-bwzfXH kyGrum"
        >
          <span
            class="sc-htpNat KtFsv"
          >
            Nadezhda Kharchuk
            : 
          </span>
          <span>
            <span>
              +1
               
            </span>
            <span
              class="sc-ifAKCX fFcNUP"
            >
              #win-win-win
               
            </span>
            <span>
              
               
            </span>
          </span>
        </div>
      </div>
      <div
        class="sc-bdVaJa hehWfG"
      >
        <div
          class="sc-bwzfXH kyGrum"
        >
          <span
            class="sc-htpNat KtFsv"
          >
            Nadezhda Kharchuk
            : 
          </span>
          <span>
            <span>
              +1
               
            </span>
            <span
              class="sc-ifAKCX fFcNUP"
            >
              #work-hard-play-hard
               
            </span>
            <span>
              
               
            </span>
          </span>
        </div>
      </div>
      <div
        class="sc-bdVaJa hehWfG"
      >
        <div
          class="sc-bwzfXH kyGrum"
        >
          <span
            class="sc-htpNat KtFsv"
          >
            Nadezhda Kharchuk
            : 
          </span>
          <span>
            <span>
              1
               
            </span>
          </span>
        </div>
      </div>
      <div
        class="sc-bdVaJa hehWfG"
      >
        <div
          class="sc-bwzfXH kyGrum"
        >
          <span
            class="sc-htpNat KtFsv"
          >
            Nadezhda Kharchuk
            : 
          </span>
          <span>
            <span>
              +1
               
            </span>
            <span>
              
               
            </span>
          </span>
        </div>
      </div>
      <div
        class="sc-bdVaJa hehWfG"
      >
        <div
          class="sc-bwzfXH kyGrum"
        >
          <span
            class="sc-htpNat KtFsv"
          >
            Nadezhda Kharchuk
            : 
          </span>
          <span>
            <span>
              +1
               
            </span>
            <span>
              
               
            </span>
          </span>
        </div>
      </div>
      <div
        class="sc-bdVaJa hehWfG"
      >
        <div
          class="sc-bwzfXH kyGrum"
        >
          <span
            class="sc-htpNat KtFsv"
          >
            Nadezhda Kharchuk
            : 
          </span>
          <span>
            <span>
              +2
               
            </span>
            <span>
              
               
            </span>
          </span>
        </div>
      </div>
      <div
        class="sc-bdVaJa hehWfG"
      >
        <div
          class="sc-bwzfXH kyGrum"
        >
          <span
            class="sc-htpNat KtFsv"
          >
            Nadezhda Kharchuk
            : 
          </span>
          <span>
            <span>
              +1
               
            </span>
            <span>
              
               
            </span>
          </span>
        </div>
      </div>
      <div
        class="sc-bdVaJa hehWfG"
      >
        <div
          class="sc-bwzfXH kyGrum"
        >
          <span
            class="sc-htpNat KtFsv"
          >
            Nadezhda Kharchuk
            : 
          </span>
          <span>
            <span>
              +1
               
            </span>
            <span>
              
               
            </span>
          </span>
        </div>
      </div>
    </div>
    <form
      class="sc-htoDjs eNmKLv"
      data-testid="test-comment-form"
      tabindex="0"
    >
      <div
        data-testid="test-textarea-wrapper"
      >
        <div
          class="rta  "
        >
          <textarea
            class="rta__textarea autocomplete-textarea autocomplete-textarea--comment"
            data-testid="test-textarea"
            name="bonus-text"
            placeholder="Add a comment"
          />
        </div>
      </div>
      <div
        data-testid="test-error-container"
      />
      <div
        class="sc-gZMcBi fxMDLl"
      >
        <button
          class="sc-gzVnrw yxkmh"
          data-testid="test-button"
        >
          Add
        </button>
        <div
          class="sc-iwsKbI cslhIm"
        >
          <button
            class="sc-EHOje fjXIZF"
            type="button"
          >
            <img
              alt="Points"
              src="[object Object]"
            />
          </button>
          <button
            class="sc-EHOje fjXIZF"
            type="button"
          >
            <img
              alt="Hashtag"
              src="[object Object]"
            />
          </button>
        </div>
      </div>
    </form>
  </div>
  <div
    class="sc-gqjmRU eEpkQf"
    data-testid="test-bonus"
  >
    <div
      class="sc-VigVT iJovGt"
    >
      <div
        class="sc-jTzLTM etcJqc"
      >
        5
      </div>
      <div
        class="sc-fjdhpX bFKZVQ"
      >
        <div
          class="sc-jzJRlG iuBUMe"
        >
          <img
            alt="Anton Chaynikov"
            src="http://doypx5fd26upp.cloudfront.net/assets/default-user-profile_image-b50dbea6a3e28a1ae62538d4b0115b18558fac3ff7dbbee7da800b5216f97070.png"
          />
        </div>
      </div>
      <div
        class="sc-cSHVUG gIXSSp"
      />
    </div>
    <div
      class="sc-kAzzGY kDOYTW"
    >
      <div
        class="sc-chPdSV dQajgp"
      >
        <span
          class="sc-kgoBCf hocDLT"
        >
          bot
          : 
        </span>
        <span>
          <span
            class="sc-kGXeez ecDZfZ"
          >
            +5
             
          </span>
          <span>
            to
             
          </span>
          <span
            class="sc-kpOJdX iEEifL"
          >
            @anton.chaynikov
             
          </span>
          <span>
            For
             
          </span>
          <span>
            showing
             
          </span>
          <span>
            up
             
          </span>
          <span>
            in
             
          </span>
          <span>
            our
             
          </span>
          <span>
            Kazan/Warsaw
             
          </span>
          <span>
            locations
             
          </span>
          <span>
            on
             
          </span>
          <span>
            time
             
          </span>
          <span
            class="sc-dxgOiQ drWUmt"
          >
            #work-hard-play-hard
             
          </span>
        </span>
      </div>
    </div>
    <div
      class="sc-ckVGcZ foYhJp"
      data-testid="test-comment-list"
    />
    <form
      class="sc-htoDjs eNmKLv"
      data-testid="test-comment-form"
      tabindex="0"
    >
      <div
        data-testid="test-textarea-wrapper"
      >
        <div
          class="rta  "
        >
          <textarea
            class="rta__textarea autocomplete-textarea autocomplete-textarea--comment"
            data-testid="test-textarea"
            name="bonus-text"
            placeholder="Add a comment"
          />
        </div>
      </div>
      <div
        data-testid="test-error-container"
      />
      <div
        class="sc-gZMcBi fxMDLl"
      >
        <button
          class="sc-gzVnrw yxkmh"
          data-testid="test-button"
        >
          Add
        </button>
        <div
          class="sc-iwsKbI cslhIm"
        >
          <button
            class="sc-EHOje fjXIZF"
            type="button"
          >
            <img
              alt="Points"
              src="[object Object]"
            />
          </button>
          <button
            class="sc-EHOje fjXIZF"
            type="button"
          >
            <img
              alt="Hashtag"
              src="[object Object]"
            />
          </button>
        </div>
      </div>
    </form>
  </div>
  <div
    class="sc-gqjmRU eEpkQf"
    data-testid="test-bonus"
  >
    <div
      class="sc-VigVT iJovGt"
    >
      <div
        class="sc-jTzLTM etcJqc"
      >
        1
      </div>
      <div
        class="sc-fjdhpX bFKZVQ"
      >
        <div
          class="sc-jzJRlG iuBUMe"
        >
          <img
            alt="Anton Chaynikov"
            src="http://doypx5fd26upp.cloudfront.net/assets/default-user-profile_image-b50dbea6a3e28a1ae62538d4b0115b18558fac3ff7dbbee7da800b5216f97070.png"
          />
        </div>
      </div>
      <div
        class="sc-cSHVUG gIXSSp"
      />
    </div>
    <div
      class="sc-kAzzGY kDOYTW"
    >
      <div
        class="sc-chPdSV dQajgp"
      >
        <span
          class="sc-kgoBCf hocDLT"
        >
          bot
          : 
        </span>
        <span>
          <span
            class="sc-kGXeez ecDZfZ"
          >
            +1
             
          </span>
          <span>
            to
             
          </span>
          <span
            class="sc-kpOJdX iEEifL"
          >
            @anton.chaynikov
             
          </span>
          <span
            class="sc-dxgOiQ drWUmt"
          >
            #be-curious-never-stop-learning
             
          </span>
          <span>
            for
             
          </span>
          <span>
            move
             
          </span>
        </span>
      </div>
    </div>
    <div
      class="sc-ckVGcZ foYhJp"
      data-testid="test-comment-list"
    />
    <form
      class="sc-htoDjs eNmKLv"
      data-testid="test-comment-form"
      tabindex="0"
    >
      <div
        data-testid="test-textarea-wrapper"
      >
        <div
          class="rta  "
        >
          <textarea
            class="rta__textarea autocomplete-textarea autocomplete-textarea--comment"
            data-testid="test-textarea"
            name="bonus-text"
            placeholder="Add a comment"
          />
        </div>
      </div>
      <div
        data-testid="test-error-container"
      />
      <div
        class="sc-gZMcBi fxMDLl"
      >
        <button
          class="sc-gzVnrw yxkmh"
          data-testid="test-button"
        >
          Add
        </button>
        <div
          class="sc-iwsKbI cslhIm"
        >
          <button
            class="sc-EHOje fjXIZF"
            type="button"
          >
            <img
              alt="Points"
              src="[object Object]"
            />
          </button>
          <button
            class="sc-EHOje fjXIZF"
            type="button"
          >
            <img
              alt="Hashtag"
              src="[object Object]"
            />
          </button>
        </div>
      </div>
    </form>
  </div>
  <div
    class="sc-gqjmRU eEpkQf"
    data-testid="test-bonus"
  >
    <div
      class="sc-VigVT iJovGt"
    >
      <div
        class="sc-jTzLTM etcJqc"
      >
        67
      </div>
      <div
        class="sc-fjdhpX bFKZVQ"
      >
        <div
          class="sc-jzJRlG iuBUMe"
        >
          <img
            alt="Anton Chaynikov"
            src="http://doypx5fd26upp.cloudfront.net/assets/default-user-profile_image-b50dbea6a3e28a1ae62538d4b0115b18558fac3ff7dbbee7da800b5216f97070.png"
          />
        </div>
      </div>
      <div
        class="sc-cSHVUG gIXSSp"
      />
    </div>
    <div
      class="sc-kAzzGY kDOYTW"
    >
      <div
        class="sc-chPdSV dQajgp"
      >
        <span
          class="sc-kgoBCf hocDLT"
        >
          bot
          : 
        </span>
        <span>
          <span>
            Granting
             
          </span>
          <span>
            bonus
             
          </span>
          <span
            class="sc-kGXeez ecDZfZ"
          >
            +5
             
          </span>
          <span>
            to
             
          </span>
          <span
            class="sc-kpOJdX iEEifL"
          >
            @anton.chaynikov
             
          </span>
          <span>
            For
             
          </span>
          <span>
            showing
             
          </span>
          <span>
            up
             
          </span>
          <span>
            in
             
          </span>
          <span>
            the
             
          </span>
          <span>
            office
             
          </span>
          <span>
            on
             
          </span>
          <span>
            time
             
          </span>
          <span
            class="sc-dxgOiQ drWUmt"
          >
            #work-hard-play-hard
             
          </span>
        </span>
      </div>
    </div>
    <div
      class="sc-ckVGcZ foYhJp"
      data-testid="test-comment-list"
    >
      <div
        class="sc-bdVaJa hehWfG"
      >
        <div
          class="sc-bwzfXH kyGrum"
        >
          <span
            class="sc-htpNat KtFsv"
          >
            Anton Chaynikov
            : 
          </span>
          <span>
            <span>
              For
               
            </span>
            <span>
              showing
               
            </span>
            <span>
              up
               
            </span>
            <span>
              in
               
            </span>
            <span>
              the
               
            </span>
            <span>
              office
               
            </span>
            <span>
              on
               
            </span>
            <span>
              time
               
            </span>
            <span
              class="sc-ifAKCX fFcNUP"
            >
              #work-hard-play-hard
               
            </span>
          </span>
        </div>
      </div>
      <div
        class="sc-bdVaJa hehWfG"
      >
        <div
          class="sc-bwzfXH kyGrum"
        >
          <span
            class="sc-htpNat KtFsv"
          >
            Nadezhda Kharchuk
            : 
          </span>
          <span>
            <span>
              1
               
            </span>
          </span>
        </div>
      </div>
      <div
        class="sc-bdVaJa hehWfG"
      >
        <div
          class="sc-bwzfXH kyGrum"
        >
          <span
            class="sc-htpNat KtFsv"
          >
            Nadezhda Kharchuk
            : 
          </span>
          <span>
            <span>
              2
               
            </span>
          </span>
        </div>
      </div>
      <div
        class="sc-bdVaJa hehWfG"
      >
        <div
          class="sc-bwzfXH kyGrum"
        >
          <span
            class="sc-htpNat KtFsv"
          >
            Nadezhda Kharchuk
            : 
          </span>
          <span>
            <span>
              3
               
            </span>
          </span>
        </div>
      </div>
      <div
        class="sc-bdVaJa hehWfG"
      >
        <div
          class="sc-bwzfXH kyGrum"
        >
          <span
            class="sc-htpNat KtFsv"
          >
            Nadezhda Kharchuk
            : 
          </span>
          <span>
            <span>
              4
               
            </span>
          </span>
        </div>
      </div>
      <div
        class="sc-bdVaJa hehWfG"
      >
        <div
          class="sc-bwzfXH kyGrum"
        >
          <span
            class="sc-htpNat KtFsv"
          >
            Nadezhda Kharchuk
            : 
          </span>
          <span>
            <span>
              5
               
            </span>
          </span>
        </div>
      </div>
      <div
        class="sc-bdVaJa hehWfG"
      >
        <div
          class="sc-bwzfXH kyGrum"
        >
          <span
            class="sc-htpNat KtFsv"
          >
            Nadezhda Kharchuk
            : 
          </span>
          <span>
            <span>
              6
               
            </span>
          </span>
        </div>
      </div>
      <div
        class="sc-bdVaJa hehWfG"
      >
        <div
          class="sc-bwzfXH kyGrum"
        >
          <span
            class="sc-htpNat KtFsv"
          >
            Nadezhda Kharchuk
            : 
          </span>
          <span>
            <span>
              7
               
            </span>
          </span>
        </div>
      </div>
      <div
        class="sc-bdVaJa hehWfG"
      >
        <div
          class="sc-bwzfXH kyGrum"
        >
          <span
            class="sc-htpNat KtFsv"
          >
            Nadezhda Kharchuk
            : 
          </span>
          <span>
            <span>
              8
               
            </span>
          </span>
        </div>
      </div>
      <div
        class="sc-bdVaJa hehWfG"
      >
        <div
          class="sc-bwzfXH kyGrum"
        >
          <span
            class="sc-htpNat KtFsv"
          >
            Nadezhda Kharchuk
            : 
          </span>
          <span>
            <span>
              9
               
            </span>
          </span>
        </div>
      </div>
      <div
        class="sc-bdVaJa hehWfG"
      >
        <div
          class="sc-bwzfXH kyGrum"
        >
          <span
            class="sc-htpNat KtFsv"
          >
            Nadezhda Kharchuk
            : 
          </span>
          <span>
            <span>
              10
               
            </span>
          </span>
        </div>
      </div>
      <div
        class="sc-bdVaJa hehWfG"
      >
        <div
          class="sc-bwzfXH kyGrum"
        >
          <span
            class="sc-htpNat KtFsv"
          >
            Nadezhda Kharchuk
            : 
          </span>
          <span>
            <span>
              11
               
            </span>
          </span>
        </div>
      </div>
      <div
        class="sc-bdVaJa hehWfG"
      >
        <div
          class="sc-bwzfXH kyGrum"
        >
          <span
            class="sc-htpNat KtFsv"
          >
            Nadezhda Kharchuk
            : 
          </span>
          <span>
            <span>
              12
               
            </span>
          </span>
        </div>
      </div>
      <div
        class="sc-bdVaJa hehWfG"
      >
        <div
          class="sc-bwzfXH kyGrum"
        >
          <span
            class="sc-htpNat KtFsv"
          >
            Nadezhda Kharchuk
            : 
          </span>
          <span>
            <span>
              13
               
            </span>
          </span>
        </div>
      </div>
      <div
        class="sc-bdVaJa hehWfG"
      >
        <div
          class="sc-bwzfXH kyGrum"
        >
          <span
            class="sc-htpNat KtFsv"
          >
            Nadezhda Kharchuk
            : 
          </span>
          <span>
            <span>
              14
               
            </span>
          </span>
        </div>
      </div>
      <div
        class="sc-bdVaJa hehWfG"
      >
        <div
          class="sc-bwzfXH kyGrum"
        >
          <span
            class="sc-htpNat KtFsv"
          >
            Nadezhda Kharchuk
            : 
          </span>
          <span>
            <span>
              15
               
            </span>
          </span>
        </div>
      </div>
      <div
        class="sc-bdVaJa hehWfG"
      >
        <div
          class="sc-bwzfXH kyGrum"
        >
          <span
            class="sc-htpNat KtFsv"
          >
            Nadezhda Kharchuk
            : 
          </span>
          <span>
            <span>
              16
               
            </span>
          </span>
        </div>
      </div>
      <div
        class="sc-bdVaJa hehWfG"
      >
        <div
          class="sc-bwzfXH kyGrum"
        >
          <span
            class="sc-htpNat KtFsv"
          >
            Nadezhda Kharchuk
            : 
          </span>
          <span>
            <span>
              17
               
            </span>
          </span>
        </div>
      </div>
      <div
        class="sc-bdVaJa hehWfG"
      >
        <div
          class="sc-bwzfXH kyGrum"
        >
          <span
            class="sc-htpNat KtFsv"
          >
            Nadezhda Kharchuk
            : 
          </span>
          <span>
            <span>
              18
               
            </span>
          </span>
        </div>
      </div>
      <div
        class="sc-bdVaJa hehWfG"
      >
        <div
          class="sc-bwzfXH kyGrum"
        >
          <span
            class="sc-htpNat KtFsv"
          >
            Nadezhda Kharchuk
            : 
          </span>
          <span>
            <span>
              19
               
            </span>
          </span>
        </div>
      </div>
      <div
        class="sc-bdVaJa hehWfG"
      >
        <div
          class="sc-bwzfXH kyGrum"
        >
          <span
            class="sc-htpNat KtFsv"
          >
            Nadezhda Kharchuk
            : 
          </span>
          <span>
            <span>
              20
               
            </span>
          </span>
        </div>
      </div>
      <div
        class="sc-bdVaJa hehWfG"
      >
        <div
          class="sc-bwzfXH kyGrum"
        >
          <span
            class="sc-htpNat KtFsv"
          >
            Nadezhda Kharchuk
            : 
          </span>
          <span>
            <span>
              21
               
            </span>
          </span>
        </div>
      </div>
      <div
        class="sc-bdVaJa hehWfG"
      >
        <div
          class="sc-bwzfXH kyGrum"
        >
          <span
            class="sc-htpNat KtFsv"
          >
            Nadezhda Kharchuk
            : 
          </span>
          <span>
            <span>
              22
               
            </span>
          </span>
        </div>
      </div>
      <div
        class="sc-bdVaJa hehWfG"
      >
        <div
          class="sc-bwzfXH kyGrum"
        >
          <span
            class="sc-htpNat KtFsv"
          >
            Nadezhda Kharchuk
            : 
          </span>
          <span>
            <span>
              23
               
            </span>
          </span>
        </div>
      </div>
      <div
        class="sc-bdVaJa hehWfG"
      >
        <div
          class="sc-bwzfXH kyGrum"
        >
          <span
            class="sc-htpNat KtFsv"
          >
            Nadezhda Kharchuk
            : 
          </span>
          <span>
            <span>
              23
               
            </span>
          </span>
        </div>
      </div>
      <div
        class="sc-bdVaJa hehWfG"
      >
        <div
          class="sc-bwzfXH kyGrum"
        >
          <span
            class="sc-htpNat KtFsv"
          >
            Nadezhda Kharchuk
            : 
          </span>
          <span>
            <span>
              24
               
            </span>
          </span>
        </div>
      </div>
      <div
        class="sc-bdVaJa hehWfG"
      >
        <div
          class="sc-bwzfXH kyGrum"
        >
          <span
            class="sc-htpNat KtFsv"
          >
            Nadezhda Kharchuk
            : 
          </span>
          <span>
            <span>
              25
               
            </span>
          </span>
        </div>
      </div>
      <div
        class="sc-bdVaJa hehWfG"
      >
        <div
          class="sc-bwzfXH kyGrum"
        >
          <span
            class="sc-htpNat KtFsv"
          >
            Nadezhda Kharchuk
            : 
          </span>
          <span>
            <span>
              26
               
            </span>
          </span>
        </div>
      </div>
      <div
        class="sc-bdVaJa hehWfG"
      >
        <div
          class="sc-bwzfXH kyGrum"
        >
          <span
            class="sc-htpNat KtFsv"
          >
            Nadezhda Kharchuk
            : 
          </span>
          <span>
            <span>
              27
               
            </span>
          </span>
        </div>
      </div>
      <div
        class="sc-bdVaJa hehWfG"
      >
        <div
          class="sc-bwzfXH kyGrum"
        >
          <span
            class="sc-htpNat KtFsv"
          >
            Nadezhda Kharchuk
            : 
          </span>
          <span>
            <span>
              +62
               
            </span>
            <span>
              Voluptas
               
            </span>
            <span>
              accusamus
               
            </span>
            <span>
              repudiandae
               
            </span>
            <span>
              quibusdam
               
            </span>
            <span>
              aut
               
            </span>
            <span>
              temporibus.
               
            </span>
            <span
              class="sc-ifAKCX fFcNUP"
            >
              #consequatur-qui-magni
               
            </span>
          </span>
        </div>
      </div>
      <div
        class="sc-bdVaJa hehWfG"
      >
        <div
          class="sc-bwzfXH kyGrum"
        >
          <span
            class="sc-htpNat KtFsv"
          >
            Nadezhda Kharchuk
            : 
          </span>
          <span>
            <span>
              28
               
            </span>
          </span>
        </div>
      </div>
      <div
        class="sc-bdVaJa hehWfG"
      >
        <div
          class="sc-bwzfXH kyGrum"
        >
          <span
            class="sc-htpNat KtFsv"
          >
            Nadezhda Kharchuk
            : 
          </span>
          <span>
            <span>
              29
               
            </span>
          </span>
        </div>
      </div>
      <div
        class="sc-bdVaJa hehWfG"
      >
        <div
          class="sc-bwzfXH kyGrum"
        >
          <span
            class="sc-htpNat KtFsv"
          >
            Nadezhda Kharchuk
            : 
          </span>
          <span>
            <span>
              30
               
            </span>
          </span>
        </div>
      </div>
      <div
        class="sc-bdVaJa hehWfG"
      >
        <div
          class="sc-bwzfXH kyGrum"
        >
          <span
            class="sc-htpNat KtFsv"
          >
            Nadezhda Kharchuk
            : 
          </span>
          <span>
            <span>
              31
               
            </span>
          </span>
        </div>
      </div>
      <div
        class="sc-bdVaJa hehWfG"
      >
        <div
          class="sc-bwzfXH kyGrum"
        >
          <span
            class="sc-htpNat KtFsv"
          >
            Nadezhda Kharchuk
            : 
          </span>
          <span>
            <span>
              32
               
            </span>
          </span>
        </div>
      </div>
      <div
        class="sc-bdVaJa hehWfG"
      >
        <div
          class="sc-bwzfXH kyGrum"
        >
          <span
            class="sc-htpNat KtFsv"
          >
            Nadezhda Kharchuk
            : 
          </span>
          <span>
            <span>
              33
               
            </span>
          </span>
        </div>
      </div>
      <div
        class="sc-bdVaJa hehWfG"
      >
        <div
          class="sc-bwzfXH kyGrum"
        >
          <span
            class="sc-htpNat KtFsv"
          >
            Nadezhda Kharchuk
            : 
          </span>
          <span>
            <span>
              34
               
            </span>
          </span>
        </div>
      </div>
      <div
        class="sc-bdVaJa hehWfG"
      >
        <div
          class="sc-bwzfXH kyGrum"
        >
          <span
            class="sc-htpNat KtFsv"
          >
            Nadezhda Kharchuk
            : 
          </span>
          <span>
            <span>
              35
               
            </span>
          </span>
        </div>
      </div>
      <div
        class="sc-bdVaJa hehWfG"
      >
        <div
          class="sc-bwzfXH kyGrum"
        >
          <span
            class="sc-htpNat KtFsv"
          >
            Nadezhda Kharchuk
            : 
          </span>
          <span>
            <span>
              36
               
            </span>
          </span>
        </div>
      </div>
      <div
        class="sc-bdVaJa hehWfG"
      >
        <div
          class="sc-bwzfXH kyGrum"
        >
          <span
            class="sc-htpNat KtFsv"
          >
            Nadezhda Kharchuk
            : 
          </span>
          <span>
            <span>
              37
               
            </span>
          </span>
        </div>
      </div>
      <div
        class="sc-bdVaJa hehWfG"
      >
        <div
          class="sc-bwzfXH kyGrum"
        >
          <span
            class="sc-htpNat KtFsv"
          >
            Nadezhda Kharchuk
            : 
          </span>
          <span>
            <span>
              38
               
            </span>
          </span>
        </div>
      </div>
      <div
        class="sc-bdVaJa hehWfG"
      >
        <div
          class="sc-bwzfXH kyGrum"
        >
          <span
            class="sc-htpNat KtFsv"
          >
            Nadezhda Kharchuk
            : 
          </span>
          <span>
            <span>
              39
               
            </span>
          </span>
        </div>
      </div>
      <div
        class="sc-bdVaJa hehWfG"
      >
        <div
          class="sc-bwzfXH kyGrum"
        >
          <span
            class="sc-htpNat KtFsv"
          >
            Nadezhda Kharchuk
            : 
          </span>
          <span>
            <span>
              40
               
            </span>
          </span>
        </div>
      </div>
      <div
        class="sc-bdVaJa hehWfG"
      >
        <div
          class="sc-bwzfXH kyGrum"
        >
          <span
            class="sc-htpNat KtFsv"
          >
            Nadezhda Kharchuk
            : 
          </span>
          <span>
            <span>
              41
               
            </span>
          </span>
        </div>
      </div>
      <div
        class="sc-bdVaJa hehWfG"
      >
        <div
          class="sc-bwzfXH kyGrum"
        >
          <span
            class="sc-htpNat KtFsv"
          >
            Nadezhda Kharchuk
            : 
          </span>
          <span>
            <span>
              42
               
            </span>
          </span>
        </div>
      </div>
      <div
        class="sc-bdVaJa hehWfG"
      >
        <div
          class="sc-bwzfXH kyGrum"
        >
          <span
            class="sc-htpNat KtFsv"
          >
            Nadezhda Kharchuk
            : 
          </span>
          <span>
            <span>
              43
               
            </span>
          </span>
        </div>
      </div>
      <div
        class="sc-bdVaJa hehWfG"
      >
        <div
          class="sc-bwzfXH kyGrum"
        >
          <span
            class="sc-htpNat KtFsv"
          >
            Nadezhda Kharchuk
            : 
          </span>
          <span>
            <span>
              44
               
            </span>
          </span>
        </div>
      </div>
      <div
        class="sc-bdVaJa hehWfG"
      >
        <div
          class="sc-bwzfXH kyGrum"
        >
          <span
            class="sc-htpNat KtFsv"
          >
            Nadezhda Kharchuk
            : 
          </span>
          <span>
            <span>
              45
               
            </span>
          </span>
        </div>
      </div>
    </div>
    <form
      class="sc-htoDjs eNmKLv"
      data-testid="test-comment-form"
      tabindex="0"
    >
      <div
        data-testid="test-textarea-wrapper"
      >
        <div
          class="rta  "
        >
          <textarea
            class="rta__textarea autocomplete-textarea autocomplete-textarea--comment"
            data-testid="test-textarea"
            name="bonus-text"
            placeholder="Add a comment"
          />
        </div>
      </div>
      <div
        data-testid="test-error-container"
      />
      <div
        class="sc-gZMcBi fxMDLl"
      >
        <button
          class="sc-gzVnrw yxkmh"
          data-testid="test-button"
        >
          Add
        </button>
        <div
          class="sc-iwsKbI cslhIm"
        >
          <button
            class="sc-EHOje fjXIZF"
            type="button"
          >
            <img
              alt="Points"
              src="[object Object]"
            />
          </button>
          <button
            class="sc-EHOje fjXIZF"
            type="button"
          >
            <img
              alt="Hashtag"
              src="[object Object]"
            />
          </button>
        </div>
      </div>
    </form>
  </div>
  <div
    class="sc-gqjmRU eEpkQf"
    data-testid="test-bonus"
  >
    <div
      class="sc-VigVT iJovGt"
    >
      <div
        class="sc-jTzLTM etcJqc"
      >
        1
      </div>
      <div
        class="sc-fjdhpX bFKZVQ"
      >
        <div
          class="sc-jzJRlG iuBUMe"
        >
          <img
            alt="Albert Fazullin"
            src="http://doypx5fd26upp.cloudfront.net/assets/default-user-profile_image-b50dbea6a3e28a1ae62538d4b0115b18558fac3ff7dbbee7da800b5216f97070.png"
          />
        </div>
      </div>
      <div
        class="sc-cSHVUG gIXSSp"
      />
    </div>
    <div
      class="sc-kAzzGY kDOYTW"
    >
      <div
        class="sc-chPdSV dQajgp"
      >
        <span
          class="sc-kgoBCf hocDLT"
        >
          Nadezhda Kharchuk
          : 
        </span>
        <span>
          <span
            class="sc-kGXeez ecDZfZ"
          >
            +1
             
          </span>
          <span
            class="sc-kpOJdX iEEifL"
          >
            @albert.fazullin
             
          </span>
          <span
            class="sc-dxgOiQ drWUmt"
          >
            #be-curious-never-stop-learning
             
          </span>
          <span>
            
             
          </span>
        </span>
      </div>
    </div>
    <div
      class="sc-ckVGcZ foYhJp"
      data-testid="test-comment-list"
    >
      <div
        class="sc-bdVaJa hehWfG"
      >
        <div
          class="sc-bwzfXH kyGrum"
        >
          <span
            class="sc-htpNat KtFsv"
          >
            Nadezhda Kharchuk
            : 
          </span>
          <span>
            <span>
              new
               
            </span>
            <span>
              comment
               
            </span>
          </span>
        </div>
      </div>
      <div
        class="sc-bdVaJa hehWfG"
      >
        <div
          class="sc-bwzfXH kyGrum"
        >
          <span
            class="sc-htpNat KtFsv"
          >
            Nadezhda Kharchuk
            : 
          </span>
          <span>
            <span>
              test
               
            </span>
          </span>
        </div>
      </div>
      <div
        class="sc-bdVaJa hehWfG"
      >
        <div
          class="sc-bwzfXH kyGrum"
        >
          <span
            class="sc-htpNat KtFsv"
          >
            Nadezhda Kharchuk
            : 
          </span>
          <span>
            <span>
              new
               
            </span>
            <span>
              test
               
            </span>
          </span>
        </div>
      </div>
      <div
        class="sc-bdVaJa hehWfG"
      >
        <div
          class="sc-bwzfXH kyGrum"
        >
          <span
            class="sc-htpNat KtFsv"
          >
            Nadezhda Kharchuk
            : 
          </span>
          <span>
            <span>
              hey
               
            </span>
          </span>
        </div>
      </div>
      <div
        class="sc-bdVaJa hehWfG"
      >
        <div
          class="sc-bwzfXH kyGrum"
        >
          <span
            class="sc-htpNat KtFsv"
          >
            Nadezhda Kharchuk
            : 
          </span>
          <span>
            <span>
              test
               
            </span>
          </span>
        </div>
      </div>
      <div
        class="sc-bdVaJa hehWfG"
      >
        <div
          class="sc-bwzfXH kyGrum"
        >
          <span
            class="sc-htpNat KtFsv"
          >
            Nadezhda Kharchuk
            : 
          </span>
          <span>
            <span>
              new
               
            </span>
            <span>
              test
               
            </span>
          </span>
        </div>
      </div>
      <div
        class="sc-bdVaJa hehWfG"
      >
        <div
          class="sc-bwzfXH kyGrum"
        >
          <span
            class="sc-htpNat KtFsv"
          >
            Nadezhda Kharchuk
            : 
          </span>
          <span>
            <span>
              test
               
            </span>
          </span>
        </div>
      </div>
      <div
        class="sc-bdVaJa hehWfG"
      >
        <div
          class="sc-bwzfXH kyGrum"
        >
          <span
            class="sc-htpNat KtFsv"
          >
            Nadezhda Kharchuk
            : 
          </span>
          <span>
            <span>
              test

               
            </span>
          </span>
        </div>
      </div>
      <div
        class="sc-bdVaJa hehWfG"
      >
        <div
          class="sc-bwzfXH kyGrum"
        >
          <span
            class="sc-htpNat KtFsv"
          >
            Nadezhda Kharchuk
            : 
          </span>
          <span>
            <span>
              test
               
            </span>
          </span>
        </div>
      </div>
      <div
        class="sc-bdVaJa hehWfG"
      >
        <div
          class="sc-bwzfXH kyGrum"
        >
          <span
            class="sc-htpNat KtFsv"
          >
            Nadezhda Kharchuk
            : 
          </span>
          <span>
            <span>
              test
               
            </span>
          </span>
        </div>
      </div>
      <div
        class="sc-bdVaJa hehWfG"
      >
        <div
          class="sc-bwzfXH kyGrum"
        >
          <span
            class="sc-htpNat KtFsv"
          >
            Nadezhda Kharchuk
            : 
          </span>
          <span>
            <span>
              test
               
            </span>
          </span>
        </div>
      </div>
      <div
        class="sc-bdVaJa hehWfG"
      >
        <div
          class="sc-bwzfXH kyGrum"
        >
          <span
            class="sc-htpNat KtFsv"
          >
            Nadezhda Kharchuk
            : 
          </span>
          <span>
            <span>
              1
               
            </span>
          </span>
        </div>
      </div>
      <div
        class="sc-bdVaJa hehWfG"
      >
        <div
          class="sc-bwzfXH kyGrum"
        >
          <span
            class="sc-htpNat KtFsv"
          >
            Nadezhda Kharchuk
            : 
          </span>
          <span>
            <span>
              2
               
            </span>
          </span>
        </div>
      </div>
    </div>
    <form
      class="sc-htoDjs eNmKLv"
      data-testid="test-comment-form"
      tabindex="0"
    >
      <div
        data-testid="test-textarea-wrapper"
      >
        <div
          class="rta  "
        >
          <textarea
            class="rta__textarea autocomplete-textarea autocomplete-textarea--comment"
            data-testid="test-textarea"
            name="bonus-text"
            placeholder="Add a comment"
          />
        </div>
      </div>
      <div
        data-testid="test-error-container"
      />
      <div
        class="sc-gZMcBi fxMDLl"
      >
        <button
          class="sc-gzVnrw yxkmh"
          data-testid="test-button"
        >
          Add
        </button>
        <div
          class="sc-iwsKbI cslhIm"
        >
          <button
            class="sc-EHOje fjXIZF"
            type="button"
          >
            <img
              alt="Points"
              src="[object Object]"
            />
          </button>
          <button
            class="sc-EHOje fjXIZF"
            type="button"
          >
            <img
              alt="Hashtag"
              src="[object Object]"
            />
          </button>
        </div>
      </div>
    </form>
  </div>
  <div
    class="sc-gqjmRU eEpkQf"
    data-testid="test-bonus"
  >
    <div
      class="sc-VigVT iJovGt"
    >
      <div
        class="sc-jTzLTM etcJqc"
      >
        67
      </div>
      <div
        class="sc-fjdhpX bFKZVQ"
      >
        <div
          class="sc-jzJRlG iuBUMe"
        >
          <img
            alt="Anton Chaynikov"
            src="http://doypx5fd26upp.cloudfront.net/assets/default-user-profile_image-b50dbea6a3e28a1ae62538d4b0115b18558fac3ff7dbbee7da800b5216f97070.png"
          />
        </div>
      </div>
      <div
        class="sc-cSHVUG gIXSSp"
      />
    </div>
    <div
      class="sc-kAzzGY kDOYTW"
    >
      <div
        class="sc-chPdSV dQajgp"
      >
        <span
          class="sc-kgoBCf hocDLT"
        >
          bot
          : 
        </span>
        <span>
          <span
            class="sc-kGXeez ecDZfZ"
          >
            +5
             
          </span>
          <span>
            to
             
          </span>
          <span
            class="sc-kpOJdX iEEifL"
          >
            @anton.chaynikov
             
          </span>
          <span>
            For
             
          </span>
          <span>
            showing
             
          </span>
          <span>
            up
             
          </span>
          <span>
            in
             
          </span>
          <span>
            the
             
          </span>
          <span>
            office
             
          </span>
          <span>
            on
             
          </span>
          <span>
            time
             
          </span>
          <span
            class="sc-dxgOiQ drWUmt"
          >
            #work-hard-play-hard
             
          </span>
        </span>
      </div>
    </div>
    <div
      class="sc-ckVGcZ foYhJp"
      data-testid="test-comment-list"
    >
      <div
        class="sc-bdVaJa hehWfG"
      >
        <div
          class="sc-bwzfXH kyGrum"
        >
          <span
            class="sc-htpNat KtFsv"
          >
            Nadezhda Kharchuk
            : 
          </span>
          <span>
            <span>
              @nadezhda.kharchuk
               
            </span>
          </span>
        </div>
      </div>
      <div
        class="sc-bdVaJa hehWfG"
      >
        <div
          class="sc-bwzfXH kyGrum"
        >
          <span
            class="sc-htpNat KtFsv"
          >
            Nadezhda Kharchuk
            : 
          </span>
          <span>
            <span>
              +62
               
            </span>
            <span>
              Voluptas
               
            </span>
            <span>
              accusamus
               
            </span>
            <span>
              repudiandae
               
            </span>
            <span>
              quibusdam
               
            </span>
            <span>
              aut
               
            </span>
            <span>
              temporibus.
               
            </span>
            <span
              class="sc-ifAKCX fFcNUP"
            >
              #consequatur-qui-magni
               
            </span>
          </span>
        </div>
      </div>
    </div>
    <form
      class="sc-htoDjs eNmKLv"
      data-testid="test-comment-form"
      tabindex="0"
    >
      <div
        data-testid="test-textarea-wrapper"
      >
        <div
          class="rta  "
        >
          <textarea
            class="rta__textarea autocomplete-textarea autocomplete-textarea--comment"
            data-testid="test-textarea"
            name="bonus-text"
            placeholder="Add a comment"
          />
        </div>
      </div>
      <div
        data-testid="test-error-container"
      />
      <div
        class="sc-gZMcBi fxMDLl"
      >
        <button
          class="sc-gzVnrw yxkmh"
          data-testid="test-button"
        >
          Add
        </button>
        <div
          class="sc-iwsKbI cslhIm"
        >
          <button
            class="sc-EHOje fjXIZF"
            type="button"
          >
            <img
              alt="Points"
              src="[object Object]"
            />
          </button>
          <button
            class="sc-EHOje fjXIZF"
            type="button"
          >
            <img
              alt="Hashtag"
              src="[object Object]"
            />
          </button>
        </div>
      </div>
    </form>
  </div>
  <div
    class="sc-gqjmRU eEpkQf"
    data-testid="test-bonus"
  >
    <div
      class="sc-VigVT iJovGt"
    >
      <div
        class="sc-jTzLTM etcJqc"
      >
        5
      </div>
      <div
        class="sc-fjdhpX bFKZVQ"
      >
        <div
          class="sc-jzJRlG iuBUMe"
        >
          <img
            alt="Anton Chaynikov"
            src="http://doypx5fd26upp.cloudfront.net/assets/default-user-profile_image-b50dbea6a3e28a1ae62538d4b0115b18558fac3ff7dbbee7da800b5216f97070.png"
          />
        </div>
      </div>
      <div
        class="sc-cSHVUG gIXSSp"
      />
    </div>
    <div
      class="sc-kAzzGY kDOYTW"
    >
      <div
        class="sc-chPdSV dQajgp"
      >
        <span
          class="sc-kgoBCf hocDLT"
        >
          bot
          : 
        </span>
        <span>
          <span>
            Granting
             
          </span>
          <span>
            bonus
             
          </span>
          <span
            class="sc-kGXeez ecDZfZ"
          >
            +5
             
          </span>
          <span>
            to
             
          </span>
          <span
            class="sc-kpOJdX iEEifL"
          >
            @anton.chaynikov
             
          </span>
          <span>
            For
             
          </span>
          <span>
            showing
             
          </span>
          <span>
            up
             
          </span>
          <span>
            in
             
          </span>
          <span>
            the
             
          </span>
          <span>
            office
             
          </span>
          <span>
            on
             
          </span>
          <span>
            time
             
          </span>
          <span
            class="sc-dxgOiQ drWUmt"
          >
            #work-hard-play-hard
             
          </span>
        </span>
      </div>
    </div>
    <div
      class="sc-ckVGcZ foYhJp"
      data-testid="test-comment-list"
    />
    <form
      class="sc-htoDjs eNmKLv"
      data-testid="test-comment-form"
      tabindex="0"
    >
      <div
        data-testid="test-textarea-wrapper"
      >
        <div
          class="rta  "
        >
          <textarea
            class="rta__textarea autocomplete-textarea autocomplete-textarea--comment"
            data-testid="test-textarea"
            name="bonus-text"
            placeholder="Add a comment"
          />
        </div>
      </div>
      <div
        data-testid="test-error-container"
      />
      <div
        class="sc-gZMcBi fxMDLl"
      >
        <button
          class="sc-gzVnrw yxkmh"
          data-testid="test-button"
        >
          Add
        </button>
        <div
          class="sc-iwsKbI cslhIm"
        >
          <button
            class="sc-EHOje fjXIZF"
            type="button"
          >
            <img
              alt="Points"
              src="[object Object]"
            />
          </button>
          <button
            class="sc-EHOje fjXIZF"
            type="button"
          >
            <img
              alt="Hashtag"
              src="[object Object]"
            />
          </button>
        </div>
      </div>
    </form>
  </div>
</div>
`;
